
*** Running vivado
    with args -log proj.vds -m64 -product Vivado -mode batch -messageDb vivado.pb -notrace -source proj.tcl



****** Vivado v2023.2 (64-bit)
  **** SW Build 4029153 on Fri Oct 13 20:14:34 MDT 2023
  **** IP Build 4028589 on Sat Oct 14 00:45:43 MDT 2023
  **** SharedData Build 4025554 on Tue Oct 10 17:18:54 MDT 2023
    ** Copyright 1986-2022 Xilinx, Inc. All Rights Reserved.
    ** Copyright 2022-2023 Advanced Micro Devices, Inc. All Rights Reserved.

source proj.tcl -notrace
Command: read_checkpoint -auto_incremental -incremental C:/Users/Student/Desktop/project_1/project_1.srcs/utils_1/imports/synth_1/lab05.dcp
INFO: [Vivado 12-5825] Read reference checkpoint from C:/Users/Student/Desktop/project_1/project_1.srcs/utils_1/imports/synth_1/lab05.dcp for incremental synthesis
INFO: [Vivado 12-7989] Please ensure there are no constraint changes
Command: synth_design -top proj -part xc7z020clg484-1
Starting synth_design
Attempting to get a license for feature 'Synthesis' and/or device 'xc7z020'
INFO: [Common 17-349] Got license for feature 'Synthesis' and/or device 'xc7z020'
INFO: [Device 21-403] Loading part xc7z020clg484-1
INFO: [Synth 8-7079] Multithreading enabled for synth_design using a maximum of 2 processes.
INFO: [Synth 8-7078] Launching helper process for spawning children vivado processes
INFO: [Synth 8-7075] Helper process launched with PID 6120
---------------------------------------------------------------------------------
Starting RTL Elaboration : Time (s): cpu = 00:00:03 ; elapsed = 00:00:03 . Memory (MB): peak = 1451.648 ; gain = 439.199
---------------------------------------------------------------------------------
INFO: [Synth 8-638] synthesizing module 'proj' [C:/Users/Student/Desktop/project_1/project_1.srcs/sources_1/new/proj.vhd:43]
	Parameter N bound to: 1 - type: integer 
INFO: [Synth 8-3491] module 'clock_divider' declared at 'C:/Users/Student/Desktop/1155195234_lab05/1155195234_lab05/clock_divider.vhd:35' bound to instance 'comp_clk50MHz' of component 'clock_divider' [C:/Users/Student/Desktop/project_1/project_1.srcs/sources_1/new/proj.vhd:76]
INFO: [Synth 8-638] synthesizing module 'clock_divider' [C:/Users/Student/Desktop/1155195234_lab05/1155195234_lab05/clock_divider.vhd:41]
	Parameter N bound to: 1 - type: integer 
INFO: [Synth 8-256] done synthesizing module 'clock_divider' (0#1) [C:/Users/Student/Desktop/1155195234_lab05/1155195234_lab05/clock_divider.vhd:41]
	Parameter N bound to: 5000000 - type: integer 
INFO: [Synth 8-3491] module 'clock_divider' declared at 'C:/Users/Student/Desktop/1155195234_lab05/1155195234_lab05/clock_divider.vhd:35' bound to instance 'comp_clk10Hz' of component 'clock_divider' [C:/Users/Student/Desktop/project_1/project_1.srcs/sources_1/new/proj.vhd:120]
INFO: [Synth 8-638] synthesizing module 'clock_divider__parameterized1' [C:/Users/Student/Desktop/1155195234_lab05/1155195234_lab05/clock_divider.vhd:41]
	Parameter N bound to: 5000000 - type: integer 
INFO: [Synth 8-256] done synthesizing module 'clock_divider__parameterized1' (0#1) [C:/Users/Student/Desktop/1155195234_lab05/1155195234_lab05/clock_divider.vhd:41]
WARNING: [Synth 8-614] signal 'H_TOP_LEFT' is read in the process but is not in the sensitivity list [C:/Users/Student/Desktop/project_1/project_1.srcs/sources_1/new/proj.vhd:139]
WARNING: [Synth 8-614] signal 'V_TOP_LEFT' is read in the process but is not in the sensitivity list [C:/Users/Student/Desktop/project_1/project_1.srcs/sources_1/new/proj.vhd:139]
INFO: [Synth 8-256] done synthesizing module 'proj' (0#1) [C:/Users/Student/Desktop/project_1/project_1.srcs/sources_1/new/proj.vhd:43]
---------------------------------------------------------------------------------
Finished RTL Elaboration : Time (s): cpu = 00:00:04 ; elapsed = 00:00:04 . Memory (MB): peak = 1559.543 ; gain = 547.094
---------------------------------------------------------------------------------
---------------------------------------------------------------------------------
Start Handling Custom Attributes
---------------------------------------------------------------------------------
---------------------------------------------------------------------------------
Finished Handling Custom Attributes : Time (s): cpu = 00:00:04 ; elapsed = 00:00:04 . Memory (MB): peak = 1559.543 ; gain = 547.094
---------------------------------------------------------------------------------
---------------------------------------------------------------------------------
Finished RTL Optimization Phase 1 : Time (s): cpu = 00:00:04 ; elapsed = 00:00:04 . Memory (MB): peak = 1559.543 ; gain = 547.094
---------------------------------------------------------------------------------
Netlist sorting complete. Time (s): cpu = 00:00:00 ; elapsed = 00:00:00.003 . Memory (MB): peak = 1559.543 ; gain = 0.000
INFO: [Project 1-570] Preparing netlist for logic optimization

Processing XDC Constraints
Initializing timing engine
Parsing XDC File [C:/Users/Student/Desktop/1155195234_lab05/1155195234_lab05/lab05.xdc]
WARNING: [Vivado 12-584] No ports matched '[get_ports -of_objects [get_iobanks 33]]'. [C:/Users/Student/Desktop/1155195234_lab05/1155195234_lab05/lab05.xdc:21]
WARNING: [Vivado 12-584] No ports matched '[get_ports -of_objects [get_iobanks 13]]'. [C:/Users/Student/Desktop/1155195234_lab05/1155195234_lab05/lab05.xdc:23]
Finished Parsing XDC File [C:/Users/Student/Desktop/1155195234_lab05/1155195234_lab05/lab05.xdc]
INFO: [Project 1-236] Implementation specific constraints were found while reading constraint file [C:/Users/Student/Desktop/1155195234_lab05/1155195234_lab05/lab05.xdc]. These constraints will be ignored for synthesis but will be used in implementation. Impacted constraints are listed in the file [.Xil/proj_propImpl.xdc].
Resolution: To avoid this warning, move constraints listed in [.Xil/proj_propImpl.xdc] to another XDC file and exclude this new file from synthesis with the used_in_synthesis property (File Properties dialog in GUI) and re-run elaboration/synthesis.
Completed Processing XDC Constraints

Netlist sorting complete. Time (s): cpu = 00:00:00 ; elapsed = 00:00:00 . Memory (MB): peak = 1648.617 ; gain = 0.000
INFO: [Project 1-111] Unisim Transformation Summary:
No Unisim elements were transformed.

The system cannot find the path specified.
Constraint Validation Runtime : Time (s): cpu = 00:00:00 ; elapsed = 00:00:00.002 . Memory (MB): peak = 1648.617 ; gain = 0.000
---------------------------------------------------------------------------------
Finished Constraint Validation : Time (s): cpu = 00:00:08 ; elapsed = 00:00:08 . Memory (MB): peak = 1648.617 ; gain = 636.168
---------------------------------------------------------------------------------
---------------------------------------------------------------------------------
Start Loading Part and Timing Information
---------------------------------------------------------------------------------
Loading part: xc7z020clg484-1
---------------------------------------------------------------------------------
Finished Loading Part and Timing Information : Time (s): cpu = 00:00:08 ; elapsed = 00:00:08 . Memory (MB): peak = 1648.617 ; gain = 636.168
---------------------------------------------------------------------------------
---------------------------------------------------------------------------------
Start Applying 'set_property' XDC Constraints
---------------------------------------------------------------------------------
---------------------------------------------------------------------------------
Finished applying 'set_property' XDC Constraints : Time (s): cpu = 00:00:08 ; elapsed = 00:00:08 . Memory (MB): peak = 1648.617 ; gain = 636.168
---------------------------------------------------------------------------------
---------------------------------------------------------------------------------
Start Preparing Guide Design
---------------------------------------------------------------------------------
CRITICAL WARNING: [Synth 8-6895] The reference checkpoint C:/Users/Student/Desktop/project_1/project_1.srcs/utils_1/imports/synth_1/lab05.dcp is not suitable for use with incremental synthesis for this design. Please regenerate the checkpoint for this design with -incremental_synth switch in the same Vivado session that synth_design has been run. Synthesis will continue with the default flow
---------------------------------------------------------------------------------
Finished Doing Graph Differ : Time (s): cpu = 00:00:08 ; elapsed = 00:00:08 . Memory (MB): peak = 1648.617 ; gain = 636.168
---------------------------------------------------------------------------------
---------------------------------------------------------------------------------
Finished Preparing Guide Design : Time (s): cpu = 00:00:08 ; elapsed = 00:00:08 . Memory (MB): peak = 1648.617 ; gain = 636.168
---------------------------------------------------------------------------------
---------------------------------------------------------------------------------
Finished RTL Optimization Phase 2 : Time (s): cpu = 00:00:08 ; elapsed = 00:00:09 . Memory (MB): peak = 1648.617 ; gain = 636.168
---------------------------------------------------------------------------------


Incremental Synthesis Report Summary:

1. Incremental synthesis run: no

   Reason for not running incremental synthesis : 


INFO: [Synth 8-7130] Flow is switching to default flow due to incremental criteria not met. If you would like to alter this behaviour and have the flow terminate instead, please set the following parameter config_implementation {autoIncr.Synth.RejectBehavior Terminate}
---------------------------------------------------------------------------------
Start RTL Component Statistics 
---------------------------------------------------------------------------------
Detailed RTL Component Info : 
+---Adders : 
	   2 Input   32 Bit       Adders := 11    
+---Registers : 
	               32 Bit    Registers := 4     
	                1 Bit    Registers := 2     
+---Muxes : 
	   2 Input   32 Bit        Muxes := 1     
	   3 Input    4 Bit        Muxes := 1     
	   2 Input    1 Bit        Muxes := 2     
---------------------------------------------------------------------------------
Finished RTL Component Statistics 
---------------------------------------------------------------------------------
---------------------------------------------------------------------------------
Start Part Resource Summary
---------------------------------------------------------------------------------
Part Resources:
DSPs: 220 (col length:60)
BRAMs: 280 (col length: RAMB18 60 RAMB36 30)
---------------------------------------------------------------------------------
Finished Part Resource Summary
---------------------------------------------------------------------------------
---------------------------------------------------------------------------------
Start Cross Boundary and Area Optimization
---------------------------------------------------------------------------------
WARNING: [Synth 8-7080] Parallel synthesis criteria is not met
---------------------------------------------------------------------------------
Finished Cross Boundary and Area Optimization : Time (s): cpu = 00:00:10 ; elapsed = 00:00:10 . Memory (MB): peak = 1648.617 ; gain = 636.168
---------------------------------------------------------------------------------
---------------------------------------------------------------------------------
Start Applying XDC Timing Constraints
---------------------------------------------------------------------------------
---------------------------------------------------------------------------------
Finished Applying XDC Timing Constraints : Time (s): cpu = 00:00:13 ; elapsed = 00:00:14 . Memory (MB): peak = 1648.617 ; gain = 636.168
---------------------------------------------------------------------------------
---------------------------------------------------------------------------------
Start Timing Optimization
---------------------------------------------------------------------------------
---------------------------------------------------------------------------------
Finished Timing Optimization : Time (s): cpu = 00:00:13 ; elapsed = 00:00:14 . Memory (MB): peak = 1648.617 ; gain = 636.168
---------------------------------------------------------------------------------
---------------------------------------------------------------------------------
Start Technology Mapping
---------------------------------------------------------------------------------
---------------------------------------------------------------------------------
Finished Technology Mapping : Time (s): cpu = 00:00:13 ; elapsed = 00:00:14 . Memory (MB): peak = 1648.617 ; gain = 636.168
---------------------------------------------------------------------------------
---------------------------------------------------------------------------------
Start IO Insertion
---------------------------------------------------------------------------------
---------------------------------------------------------------------------------
Start Flattening Before IO Insertion
---------------------------------------------------------------------------------
---------------------------------------------------------------------------------
Finished Flattening Before IO Insertion
---------------------------------------------------------------------------------
---------------------------------------------------------------------------------
Start Final Netlist Cleanup
---------------------------------------------------------------------------------
---------------------------------------------------------------------------------
Finished Final Netlist Cleanup
---------------------------------------------------------------------------------
---------------------------------------------------------------------------------
Finished IO Insertion : Time (s): cpu = 00:00:16 ; elapsed = 00:00:16 . Memory (MB): peak = 1648.617 ; gain = 636.168
---------------------------------------------------------------------------------
---------------------------------------------------------------------------------
Start Renaming Generated Instances
---------------------------------------------------------------------------------
---------------------------------------------------------------------------------
Finished Renaming Generated Instances : Time (s): cpu = 00:00:16 ; elapsed = 00:00:16 . Memory (MB): peak = 1648.617 ; gain = 636.168
---------------------------------------------------------------------------------
---------------------------------------------------------------------------------
Start Rebuilding User Hierarchy
---------------------------------------------------------------------------------
---------------------------------------------------------------------------------
Finished Rebuilding User Hierarchy : Time (s): cpu = 00:00:16 ; elapsed = 00:00:16 . Memory (MB): peak = 1648.617 ; gain = 636.168
---------------------------------------------------------------------------------
---------------------------------------------------------------------------------
Start Renaming Generated Ports
---------------------------------------------------------------------------------
---------------------------------------------------------------------------------
Finished Renaming Generated Ports : Time (s): cpu = 00:00:16 ; elapsed = 00:00:16 . Memory (MB): peak = 1648.617 ; gain = 636.168
---------------------------------------------------------------------------------
---------------------------------------------------------------------------------
Start Handling Custom Attributes
---------------------------------------------------------------------------------
---------------------------------------------------------------------------------
Finished Handling Custom Attributes : Time (s): cpu = 00:00:16 ; elapsed = 00:00:16 . Memory (MB): peak = 1648.617 ; gain = 636.168
---------------------------------------------------------------------------------
---------------------------------------------------------------------------------
Start Renaming Generated Nets
---------------------------------------------------------------------------------
---------------------------------------------------------------------------------
Finished Renaming Generated Nets : Time (s): cpu = 00:00:16 ; elapsed = 00:00:16 . Memory (MB): peak = 1648.617 ; gain = 636.168
---------------------------------------------------------------------------------
---------------------------------------------------------------------------------
Start Writing Synthesis Report
---------------------------------------------------------------------------------

Report BlackBoxes: 
+-+--------------+----------+
| |BlackBox name |Instances |
+-+--------------+----------+
+-+--------------+----------+

Report Cell Usage: 
+------+-------+------+
|      |Cell   |Count |
+------+-------+------+
|1     |BUFG   |     3|
|2     |CARRY4 |   162|
|3     |LUT1   |    87|
|4     |LUT2   |   301|
|5     |LUT4   |   202|
|6     |LUT5   |     6|
|7     |LUT6   |    21|
|8     |FDRE   |   194|
|9     |IBUF   |     5|
|10    |OBUF   |    14|
+------+-------+------+
---------------------------------------------------------------------------------
Finished Writing Synthesis Report : Time (s): cpu = 00:00:16 ; elapsed = 00:00:16 . Memory (MB): peak = 1648.617 ; gain = 636.168
---------------------------------------------------------------------------------
Synthesis finished with 0 errors, 1 critical warnings and 1 warnings.
Synthesis Optimization Runtime : Time (s): cpu = 00:00:11 ; elapsed = 00:00:15 . Memory (MB): peak = 1648.617 ; gain = 547.094
Synthesis Optimization Complete : Time (s): cpu = 00:00:16 ; elapsed = 00:00:16 . Memory (MB): peak = 1648.617 ; gain = 636.168
INFO: [Project 1-571] Translating synthesized netlist
Netlist sorting complete. Time (s): cpu = 00:00:00 ; elapsed = 00:00:00.005 . Memory (MB): peak = 1648.617 ; gain = 0.000
INFO: [Netlist 29-17] Analyzing 162 Unisim elements for replacement
INFO: [Netlist 29-28] Unisim Transformation completed in 0 CPU seconds
INFO: [Project 1-570] Preparing netlist for logic optimization
INFO: [Opt 31-138] Pushed 0 inverter(s) to 0 load pin(s).
Netlist sorting complete. Time (s): cpu = 00:00:00 ; elapsed = 00:00:00 . Memory (MB): peak = 1648.617 ; gain = 0.000
INFO: [Project 1-111] Unisim Transformation Summary:
No Unisim elements were transformed.

The system cannot find the path specified.
Synth Design complete | Checksum: 2d8145e8
INFO: [Common 17-83] Releasing license: Synthesis
26 Infos, 5 Warnings, 1 Critical Warnings and 0 Errors encountered.
synth_design completed successfully
synth_design: Time (s): cpu = 00:00:18 ; elapsed = 00:00:19 . Memory (MB): peak = 1648.617 ; gain = 1054.273
INFO: [runtcl-6] Synthesis results are not added to the cache due to CRITICAL_WARNING
Write ShapeDB Complete: Time (s): cpu = 00:00:00 ; elapsed = 00:00:00.002 . Memory (MB): peak = 1648.617 ; gain = 0.000
INFO: [Common 17-1381] The checkpoint 'C:/Users/Student/Desktop/project_1/project_1.runs/synth_1/proj.dcp' has been generated.
INFO: [runtcl-4] Executing : report_utilization -file proj_utilization_synth.rpt -pb proj_utilization_synth.pb
INFO: [Common 17-206] Exiting Vivado at Thu May  7 18:27:33 2026...
