Copyright 1986-2022 Xilinx, Inc. All Rights Reserved. Copyright 2022-2023 Advanced Micro Devices, Inc. All Rights Reserved.
---------------------------------------------------------------------------------------------------------------------------------------------------------------------------------------------------------
| Tool Version : Vivado v.2023.2 (win64) Build 4029153 Fri Oct 13 20:14:34 MDT 2023
| Date         : Thu May  7 18:28:18 2026
| Host         : 102-001 running 64-bit major release  (build 9200)
| Command      : report_timing_summary -max_paths 10 -report_unconstrained -file proj_timing_summary_routed.rpt -pb proj_timing_summary_routed.pb -rpx proj_timing_summary_routed.rpx -warn_on_violation
| Design       : proj
| Device       : 7z020-clg484
| Speed File   : -1  PRODUCTION 1.12 2019-11-22
| Design State : Routed
---------------------------------------------------------------------------------------------------------------------------------------------------------------------------------------------------------

Timing Summary Report

------------------------------------------------------------------------------------------------
| Timer Settings
| --------------
------------------------------------------------------------------------------------------------

  Enable Multi Corner Analysis               :  Yes
  Enable Pessimism Removal                   :  Yes
  Pessimism Removal Resolution               :  Nearest Common Node
  Enable Input Delay Default Clock           :  No
  Enable Preset / Clear Arcs                 :  No
  Disable Flight Delays                      :  No
  Ignore I/O Paths                           :  No
  Timing Early Launch at Borrowing Latches   :  No
  Borrow Time for Max Delay Exceptions       :  Yes
  Merge Timing Exceptions                    :  Yes
  Inter-SLR Compensation                     :  Conservative

  Corner  Analyze    Analyze    
  Name    Max Paths  Min Paths  
  ------  ---------  ---------  
  Slow    Yes        Yes        
  Fast    Yes        Yes        


------------------------------------------------------------------------------------------------
| Report Methodology
| ------------------
------------------------------------------------------------------------------------------------

Rule       Severity          Description                  Violations  
---------  ----------------  ---------------------------  ----------  
TIMING-17  Critical Warning  Non-clocked sequential cell  194         

Note: This report is based on the most recent report_methodology run and may not be up-to-date. Run report_methodology on the current design for the latest report.



check_timing report

Table of Contents
-----------------
1. checking no_clock (194)
2. checking constant_clock (0)
3. checking pulse_width_clock (0)
4. checking unconstrained_internal_endpoints (418)
5. checking no_input_delay (4)
6. checking no_output_delay (14)
7. checking multiple_clock (0)
8. checking generated_clocks (0)
9. checking loops (0)
10. checking partial_input_delay (0)
11. checking partial_output_delay (0)
12. checking latch_loops (0)

1. checking no_clock (194)
--------------------------
 There are 66 register/latch pins with no clock driven by root clock pin: clk (HIGH)

 There are 64 register/latch pins with no clock driven by root clock pin: comp_clk10Hz/pulse_reg/Q (HIGH)

 There are 64 register/latch pins with no clock driven by root clock pin: comp_clk50MHz/pulse_reg/Q (HIGH)


2. checking constant_clock (0)
------------------------------
 There are 0 register/latch pins with constant_clock.


3. checking pulse_width_clock (0)
---------------------------------
 There are 0 register/latch pins which need pulse_width check


4. checking unconstrained_internal_endpoints (418)
--------------------------------------------------
 There are 418 pins that are not constrained for maximum delay. (HIGH)

 There are 0 pins that are not constrained for maximum delay due to constant clock.


5. checking no_input_delay (4)
------------------------------
 There are 4 input ports with no input delay specified. (HIGH)

 There are 0 input ports with no input delay but user has a false path constraint.


6. checking no_output_delay (14)
--------------------------------
 There are 14 ports with no output delay specified. (HIGH)

 There are 0 ports with no output delay but user has a false path constraint

 There are 0 ports with no output delay but with a timing clock defined on it or propagating through it


7. checking multiple_clock (0)
------------------------------
 There are 0 register/latch pins with multiple clocks.


8. checking generated_clocks (0)
--------------------------------
 There are 0 generated clocks that are not connected to a clock source.


9. checking loops (0)
---------------------
 There are 0 combinational loops in the design.


10. checking partial_input_delay (0)
------------------------------------
 There are 0 input ports with partial input delay specified.


11. checking partial_output_delay (0)
-------------------------------------
 There are 0 ports with partial output delay specified.


12. checking latch_loops (0)
----------------------------
 There are 0 combinational latch loops in the design through latch input



------------------------------------------------------------------------------------------------
| Design Timing Summary
| ---------------------
------------------------------------------------------------------------------------------------

    WNS(ns)      TNS(ns)  TNS Failing Endpoints  TNS Total Endpoints      WHS(ns)      THS(ns)  THS Failing Endpoints  THS Total Endpoints     WPWS(ns)     TPWS(ns)  TPWS Failing Endpoints  TPWS Total Endpoints  
    -------      -------  ---------------------  -------------------      -------      -------  ---------------------  -------------------     --------     --------  ----------------------  --------------------  
        inf        0.000                      0                  432          inf        0.000                      0                  432           NA           NA                      NA                    NA  


There are no user specified timing constraints.


------------------------------------------------------------------------------------------------
| Clock Summary
| -------------
------------------------------------------------------------------------------------------------


------------------------------------------------------------------------------------------------
| Intra Clock Table
| -----------------
------------------------------------------------------------------------------------------------

Clock             WNS(ns)      TNS(ns)  TNS Failing Endpoints  TNS Total Endpoints      WHS(ns)      THS(ns)  THS Failing Endpoints  THS Total Endpoints     WPWS(ns)     TPWS(ns)  TPWS Failing Endpoints  TPWS Total Endpoints  
-----             -------      -------  ---------------------  -------------------      -------      -------  ---------------------  -------------------     --------     --------  ----------------------  --------------------  


------------------------------------------------------------------------------------------------
| Inter Clock Table
| -----------------
------------------------------------------------------------------------------------------------

From Clock    To Clock          WNS(ns)      TNS(ns)  TNS Failing Endpoints  TNS Total Endpoints      WHS(ns)      THS(ns)  THS Failing Endpoints  THS Total Endpoints  
----------    --------          -------      -------  ---------------------  -------------------      -------      -------  ---------------------  -------------------  


------------------------------------------------------------------------------------------------
| Other Path Groups Table
| -----------------------
------------------------------------------------------------------------------------------------

Path Group    From Clock    To Clock          WNS(ns)      TNS(ns)  TNS Failing Endpoints  TNS Total Endpoints      WHS(ns)      THS(ns)  THS Failing Endpoints  THS Total Endpoints  
----------    ----------    --------          -------      -------  ---------------------  -------------------      -------      -------  ---------------------  -------------------  


------------------------------------------------------------------------------------------------
| User Ignored Path Table
| -----------------------
------------------------------------------------------------------------------------------------

Path Group    From Clock    To Clock    
----------    ----------    --------    


------------------------------------------------------------------------------------------------
| Unconstrained Path Table
| ------------------------
------------------------------------------------------------------------------------------------

Path Group    From Clock    To Clock    
----------    ----------    --------    
(none)                                    


------------------------------------------------------------------------------------------------
| Timing Details
| --------------
------------------------------------------------------------------------------------------------


--------------------------------------------------------------------------------------
Path Group:  (none)
From Clock:  
  To Clock:  

Max Delay           432 Endpoints
Min Delay           432 Endpoints
--------------------------------------------------------------------------------------


Max Delay Paths
--------------------------------------------------------------------------------------
Slack:                    inf
  Source:                 H_TOP_LEFT_reg[2]/C
                            (rising edge-triggered cell FDRE)
  Destination:            green[2]
                            (output port)
  Path Group:             (none)
  Path Type:              Max at Slow Process Corner
  Data Path Delay:        12.749ns  (logic 6.559ns (51.451%)  route 6.189ns (48.549%))
  Logic Levels:           13  (CARRY4=8 FDRE=1 LUT1=1 LUT4=1 LUT5=1 OBUF=1)

    Location             Delay type                Incr(ns)  Path(ns)    Netlist Resource(s)
  -------------------------------------------------------------------    -------------------
    SLICE_X101Y43        FDRE                         0.000     0.000 r  H_TOP_LEFT_reg[2]/C
    SLICE_X101Y43        FDRE (Prop_fdre_C_Q)         0.456     0.456 f  H_TOP_LEFT_reg[2]/Q
                         net (fo=10, routed)          1.007     1.463    H_TOP_LEFT_reg[2]
    SLICE_X96Y46         LUT1 (Prop_lut1_I0_O)        0.124     1.587 r  green_OBUF[3]_inst_i_165/O
                         net (fo=1, routed)           0.000     1.587    green_OBUF[3]_inst_i_165_n_0
    SLICE_X96Y46         CARRY4 (Prop_carry4_S[1]_CO[3])
                                                      0.533     2.120 r  green_OBUF[3]_inst_i_159/CO[3]
                         net (fo=1, routed)           0.000     2.120    green_OBUF[3]_inst_i_159_n_0
    SLICE_X96Y47         CARRY4 (Prop_carry4_CI_CO[3])
                                                      0.117     2.237 r  green_OBUF[3]_inst_i_132/CO[3]
                         net (fo=1, routed)           0.000     2.237    green_OBUF[3]_inst_i_132_n_0
    SLICE_X96Y48         CARRY4 (Prop_carry4_CI_CO[3])
                                                      0.117     2.354 r  green_OBUF[3]_inst_i_131/CO[3]
                         net (fo=1, routed)           0.000     2.354    green_OBUF[3]_inst_i_131_n_0
    SLICE_X96Y49         CARRY4 (Prop_carry4_CI_CO[3])
                                                      0.117     2.471 r  green_OBUF[3]_inst_i_93/CO[3]
                         net (fo=1, routed)           0.001     2.471    green_OBUF[3]_inst_i_93_n_0
    SLICE_X96Y50         CARRY4 (Prop_carry4_CI_CO[3])
                                                      0.117     2.588 r  green_OBUF[3]_inst_i_92/CO[3]
                         net (fo=1, routed)           0.000     2.588    green_OBUF[3]_inst_i_92_n_0
    SLICE_X96Y51         CARRY4 (Prop_carry4_CI_CO[3])
                                                      0.117     2.705 r  green_OBUF[3]_inst_i_53/CO[3]
                         net (fo=1, routed)           0.000     2.705    green_OBUF[3]_inst_i_53_n_0
    SLICE_X96Y52         CARRY4 (Prop_carry4_CI_O[1])
                                                      0.323     3.028 r  green_OBUF[3]_inst_i_52/O[1]
                         net (fo=2, routed)           0.953     3.981    H_TOP_LEFT4[26]
    SLICE_X97Y50         LUT4 (Prop_lut4_I2_O)        0.306     4.287 r  green_OBUF[3]_inst_i_13/O
                         net (fo=1, routed)           0.000     4.287    green_OBUF[3]_inst_i_13_n_0
    SLICE_X97Y50         CARRY4 (Prop_carry4_S[1]_CO[3])
                                                      0.550     4.837 f  green_OBUF[3]_inst_i_2/CO[3]
                         net (fo=1, routed)           1.512     6.350    green32_in
    SLICE_X107Y52        LUT5 (Prop_lut5_I1_O)        0.124     6.474 r  green_OBUF[3]_inst_i_1/O
                         net (fo=4, routed)           2.717     9.190    green_OBUF[0]
    AB21                 OBUF (Prop_obuf_I_O)         3.558    12.749 r  green_OBUF[2]_inst/O
                         net (fo=0)                   0.000    12.749    green[2]
    AB21                                                              r  green[2] (OUT)
  -------------------------------------------------------------------    -------------------

Slack:                    inf
  Source:                 H_TOP_LEFT_reg[2]/C
                            (rising edge-triggered cell FDRE)
  Destination:            green[3]
                            (output port)
  Path Group:             (none)
  Path Type:              Max at Slow Process Corner
  Data Path Delay:        12.597ns  (logic 6.548ns (51.979%)  route 6.049ns (48.021%))
  Logic Levels:           13  (CARRY4=8 FDRE=1 LUT1=1 LUT4=1 LUT5=1 OBUF=1)

    Location             Delay type                Incr(ns)  Path(ns)    Netlist Resource(s)
  -------------------------------------------------------------------    -------------------
    SLICE_X101Y43        FDRE                         0.000     0.000 r  H_TOP_LEFT_reg[2]/C
    SLICE_X101Y43        FDRE (Prop_fdre_C_Q)         0.456     0.456 f  H_TOP_LEFT_reg[2]/Q
                         net (fo=10, routed)          1.007     1.463    H_TOP_LEFT_reg[2]
    SLICE_X96Y46         LUT1 (Prop_lut1_I0_O)        0.124     1.587 r  green_OBUF[3]_inst_i_165/O
                         net (fo=1, routed)           0.000     1.587    green_OBUF[3]_inst_i_165_n_0
    SLICE_X96Y46         CARRY4 (Prop_carry4_S[1]_CO[3])
                                                      0.533     2.120 r  green_OBUF[3]_inst_i_159/CO[3]
                         net (fo=1, routed)           0.000     2.120    green_OBUF[3]_inst_i_159_n_0
    SLICE_X96Y47         CARRY4 (Prop_carry4_CI_CO[3])
                                                      0.117     2.237 r  green_OBUF[3]_inst_i_132/CO[3]
                         net (fo=1, routed)           0.000     2.237    green_OBUF[3]_inst_i_132_n_0
    SLICE_X96Y48         CARRY4 (Prop_carry4_CI_CO[3])
                                                      0.117     2.354 r  green_OBUF[3]_inst_i_131/CO[3]
                         net (fo=1, routed)           0.000     2.354    green_OBUF[3]_inst_i_131_n_0
    SLICE_X96Y49         CARRY4 (Prop_carry4_CI_CO[3])
                                                      0.117     2.471 r  green_OBUF[3]_inst_i_93/CO[3]
                         net (fo=1, routed)           0.001     2.471    green_OBUF[3]_inst_i_93_n_0
    SLICE_X96Y50         CARRY4 (Prop_carry4_CI_CO[3])
                                                      0.117     2.588 r  green_OBUF[3]_inst_i_92/CO[3]
                         net (fo=1, routed)           0.000     2.588    green_OBUF[3]_inst_i_92_n_0
    SLICE_X96Y51         CARRY4 (Prop_carry4_CI_CO[3])
                                                      0.117     2.705 r  green_OBUF[3]_inst_i_53/CO[3]
                         net (fo=1, routed)           0.000     2.705    green_OBUF[3]_inst_i_53_n_0
    SLICE_X96Y52         CARRY4 (Prop_carry4_CI_O[1])
                                                      0.323     3.028 r  green_OBUF[3]_inst_i_52/O[1]
                         net (fo=2, routed)           0.953     3.981    H_TOP_LEFT4[26]
    SLICE_X97Y50         LUT4 (Prop_lut4_I2_O)        0.306     4.287 r  green_OBUF[3]_inst_i_13/O
                         net (fo=1, routed)           0.000     4.287    green_OBUF[3]_inst_i_13_n_0
    SLICE_X97Y50         CARRY4 (Prop_carry4_S[1]_CO[3])
                                                      0.550     4.837 f  green_OBUF[3]_inst_i_2/CO[3]
                         net (fo=1, routed)           1.512     6.350    green32_in
    SLICE_X107Y52        LUT5 (Prop_lut5_I1_O)        0.124     6.474 r  green_OBUF[3]_inst_i_1/O
                         net (fo=4, routed)           2.577     9.050    green_OBUF[0]
    AA21                 OBUF (Prop_obuf_I_O)         3.547    12.597 r  green_OBUF[3]_inst/O
                         net (fo=0)                   0.000    12.597    green[3]
    AA21                                                              r  green[3] (OUT)
  -------------------------------------------------------------------    -------------------

Slack:                    inf
  Source:                 H_TOP_LEFT_reg[2]/C
                            (rising edge-triggered cell FDRE)
  Destination:            green[0]
                            (output port)
  Path Group:             (none)
  Path Type:              Max at Slow Process Corner
  Data Path Delay:        12.457ns  (logic 6.558ns (52.641%)  route 5.899ns (47.359%))
  Logic Levels:           13  (CARRY4=8 FDRE=1 LUT1=1 LUT4=1 LUT5=1 OBUF=1)

    Location             Delay type                Incr(ns)  Path(ns)    Netlist Resource(s)
  -------------------------------------------------------------------    -------------------
    SLICE_X101Y43        FDRE                         0.000     0.000 r  H_TOP_LEFT_reg[2]/C
    SLICE_X101Y43        FDRE (Prop_fdre_C_Q)         0.456     0.456 f  H_TOP_LEFT_reg[2]/Q
                         net (fo=10, routed)          1.007     1.463    H_TOP_LEFT_reg[2]
    SLICE_X96Y46         LUT1 (Prop_lut1_I0_O)        0.124     1.587 r  green_OBUF[3]_inst_i_165/O
                         net (fo=1, routed)           0.000     1.587    green_OBUF[3]_inst_i_165_n_0
    SLICE_X96Y46         CARRY4 (Prop_carry4_S[1]_CO[3])
                                                      0.533     2.120 r  green_OBUF[3]_inst_i_159/CO[3]
                         net (fo=1, routed)           0.000     2.120    green_OBUF[3]_inst_i_159_n_0
    SLICE_X96Y47         CARRY4 (Prop_carry4_CI_CO[3])
                                                      0.117     2.237 r  green_OBUF[3]_inst_i_132/CO[3]
                         net (fo=1, routed)           0.000     2.237    green_OBUF[3]_inst_i_132_n_0
    SLICE_X96Y48         CARRY4 (Prop_carry4_CI_CO[3])
                                                      0.117     2.354 r  green_OBUF[3]_inst_i_131/CO[3]
                         net (fo=1, routed)           0.000     2.354    green_OBUF[3]_inst_i_131_n_0
    SLICE_X96Y49         CARRY4 (Prop_carry4_CI_CO[3])
                                                      0.117     2.471 r  green_OBUF[3]_inst_i_93/CO[3]
                         net (fo=1, routed)           0.001     2.471    green_OBUF[3]_inst_i_93_n_0
    SLICE_X96Y50         CARRY4 (Prop_carry4_CI_CO[3])
                                                      0.117     2.588 r  green_OBUF[3]_inst_i_92/CO[3]
                         net (fo=1, routed)           0.000     2.588    green_OBUF[3]_inst_i_92_n_0
    SLICE_X96Y51         CARRY4 (Prop_carry4_CI_CO[3])
                                                      0.117     2.705 r  green_OBUF[3]_inst_i_53/CO[3]
                         net (fo=1, routed)           0.000     2.705    green_OBUF[3]_inst_i_53_n_0
    SLICE_X96Y52         CARRY4 (Prop_carry4_CI_O[1])
                                                      0.323     3.028 r  green_OBUF[3]_inst_i_52/O[1]
                         net (fo=2, routed)           0.953     3.981    H_TOP_LEFT4[26]
    SLICE_X97Y50         LUT4 (Prop_lut4_I2_O)        0.306     4.287 r  green_OBUF[3]_inst_i_13/O
                         net (fo=1, routed)           0.000     4.287    green_OBUF[3]_inst_i_13_n_0
    SLICE_X97Y50         CARRY4 (Prop_carry4_S[1]_CO[3])
                                                      0.550     4.837 f  green_OBUF[3]_inst_i_2/CO[3]
                         net (fo=1, routed)           1.512     6.350    green32_in
    SLICE_X107Y52        LUT5 (Prop_lut5_I1_O)        0.124     6.474 r  green_OBUF[3]_inst_i_1/O
                         net (fo=4, routed)           2.427     8.900    green_OBUF[0]
    AB22                 OBUF (Prop_obuf_I_O)         3.557    12.457 r  green_OBUF[0]_inst/O
                         net (fo=0)                   0.000    12.457    green[0]
    AB22                                                              r  green[0] (OUT)
  -------------------------------------------------------------------    -------------------

Slack:                    inf
  Source:                 H_TOP_LEFT_reg[2]/C
                            (rising edge-triggered cell FDRE)
  Destination:            green[1]
                            (output port)
  Path Group:             (none)
  Path Type:              Max at Slow Process Corner
  Data Path Delay:        12.297ns  (logic 6.548ns (53.246%)  route 5.750ns (46.754%))
  Logic Levels:           13  (CARRY4=8 FDRE=1 LUT1=1 LUT4=1 LUT5=1 OBUF=1)

    Location             Delay type                Incr(ns)  Path(ns)    Netlist Resource(s)
  -------------------------------------------------------------------    -------------------
    SLICE_X101Y43        FDRE                         0.000     0.000 r  H_TOP_LEFT_reg[2]/C
    SLICE_X101Y43        FDRE (Prop_fdre_C_Q)         0.456     0.456 f  H_TOP_LEFT_reg[2]/Q
                         net (fo=10, routed)          1.007     1.463    H_TOP_LEFT_reg[2]
    SLICE_X96Y46         LUT1 (Prop_lut1_I0_O)        0.124     1.587 r  green_OBUF[3]_inst_i_165/O
                         net (fo=1, routed)           0.000     1.587    green_OBUF[3]_inst_i_165_n_0
    SLICE_X96Y46         CARRY4 (Prop_carry4_S[1]_CO[3])
                                                      0.533     2.120 r  green_OBUF[3]_inst_i_159/CO[3]
                         net (fo=1, routed)           0.000     2.120    green_OBUF[3]_inst_i_159_n_0
    SLICE_X96Y47         CARRY4 (Prop_carry4_CI_CO[3])
                                                      0.117     2.237 r  green_OBUF[3]_inst_i_132/CO[3]
                         net (fo=1, routed)           0.000     2.237    green_OBUF[3]_inst_i_132_n_0
    SLICE_X96Y48         CARRY4 (Prop_carry4_CI_CO[3])
                                                      0.117     2.354 r  green_OBUF[3]_inst_i_131/CO[3]
                         net (fo=1, routed)           0.000     2.354    green_OBUF[3]_inst_i_131_n_0
    SLICE_X96Y49         CARRY4 (Prop_carry4_CI_CO[3])
                                                      0.117     2.471 r  green_OBUF[3]_inst_i_93/CO[3]
                         net (fo=1, routed)           0.001     2.471    green_OBUF[3]_inst_i_93_n_0
    SLICE_X96Y50         CARRY4 (Prop_carry4_CI_CO[3])
                                                      0.117     2.588 r  green_OBUF[3]_inst_i_92/CO[3]
                         net (fo=1, routed)           0.000     2.588    green_OBUF[3]_inst_i_92_n_0
    SLICE_X96Y51         CARRY4 (Prop_carry4_CI_CO[3])
                                                      0.117     2.705 r  green_OBUF[3]_inst_i_53/CO[3]
                         net (fo=1, routed)           0.000     2.705    green_OBUF[3]_inst_i_53_n_0
    SLICE_X96Y52         CARRY4 (Prop_carry4_CI_O[1])
                                                      0.323     3.028 r  green_OBUF[3]_inst_i_52/O[1]
                         net (fo=2, routed)           0.953     3.981    H_TOP_LEFT4[26]
    SLICE_X97Y50         LUT4 (Prop_lut4_I2_O)        0.306     4.287 r  green_OBUF[3]_inst_i_13/O
                         net (fo=1, routed)           0.000     4.287    green_OBUF[3]_inst_i_13_n_0
    SLICE_X97Y50         CARRY4 (Prop_carry4_S[1]_CO[3])
                                                      0.550     4.837 f  green_OBUF[3]_inst_i_2/CO[3]
                         net (fo=1, routed)           1.512     6.350    green32_in
    SLICE_X107Y52        LUT5 (Prop_lut5_I1_O)        0.124     6.474 r  green_OBUF[3]_inst_i_1/O
                         net (fo=4, routed)           2.277     8.751    green_OBUF[0]
    AA22                 OBUF (Prop_obuf_I_O)         3.547    12.297 r  green_OBUF[1]_inst/O
                         net (fo=0)                   0.000    12.297    green[1]
    AA22                                                              r  green[1] (OUT)
  -------------------------------------------------------------------    -------------------

Slack:                    inf
  Source:                 hcount_reg[1]/C
                            (rising edge-triggered cell FDRE)
  Destination:            blue[2]
                            (output port)
  Path Group:             (none)
  Path Type:              Max at Slow Process Corner
  Data Path Delay:        10.640ns  (logic 5.476ns (51.469%)  route 5.164ns (48.531%))
  Logic Levels:           8  (CARRY4=4 FDRE=1 LUT2=1 LUT4=1 OBUF=1)

    Location             Delay type                Incr(ns)  Path(ns)    Netlist Resource(s)
  -------------------------------------------------------------------    -------------------
    SLICE_X105Y44        FDRE                         0.000     0.000 r  hcount_reg[1]/C
    SLICE_X105Y44        FDRE (Prop_fdre_C_Q)         0.456     0.456 r  hcount_reg[1]/Q
                         net (fo=11, routed)          1.001     1.457    hcount[1]
    SLICE_X103Y46        LUT2 (Prop_lut2_I0_O)        0.124     1.581 r  red_OBUF[3]_inst_i_91/O
                         net (fo=1, routed)           0.514     2.095    red_OBUF[3]_inst_i_91_n_0
    SLICE_X103Y47        CARRY4 (Prop_carry4_CYINIT_CO[3])
                                                      0.580     2.675 r  red_OBUF[3]_inst_i_60/CO[3]
                         net (fo=1, routed)           0.000     2.675    red_OBUF[3]_inst_i_60_n_0
    SLICE_X103Y48        CARRY4 (Prop_carry4_CI_CO[3])
                                                      0.114     2.789 r  red_OBUF[3]_inst_i_32/CO[3]
                         net (fo=1, routed)           0.000     2.789    red_OBUF[3]_inst_i_32_n_0
    SLICE_X103Y49        CARRY4 (Prop_carry4_CI_CO[3])
                                                      0.114     2.903 r  red_OBUF[3]_inst_i_6/CO[3]
                         net (fo=1, routed)           0.001     2.904    red_OBUF[3]_inst_i_6_n_0
    SLICE_X103Y50        CARRY4 (Prop_carry4_CI_CO[2])
                                                      0.228     3.132 r  red_OBUF[3]_inst_i_2/CO[2]
                         net (fo=1, routed)           0.929     4.061    red27_in
    SLICE_X109Y46        LUT4 (Prop_lut4_I0_O)        0.313     4.374 r  red_OBUF[3]_inst_i_1/O
                         net (fo=9, routed)           2.719     7.093    blue_OBUF[0]
    AB20                 OBUF (Prop_obuf_I_O)         3.547    10.640 r  blue_OBUF[2]_inst/O
                         net (fo=0)                   0.000    10.640    blue[2]
    AB20                                                              r  blue[2] (OUT)
  -------------------------------------------------------------------    -------------------

Slack:                    inf
  Source:                 hcount_reg[1]/C
                            (rising edge-triggered cell FDRE)
  Destination:            blue[3]
                            (output port)
  Path Group:             (none)
  Path Type:              Max at Slow Process Corner
  Data Path Delay:        10.489ns  (logic 5.466ns (52.107%)  route 5.024ns (47.893%))
  Logic Levels:           8  (CARRY4=4 FDRE=1 LUT2=1 LUT4=1 OBUF=1)

    Location             Delay type                Incr(ns)  Path(ns)    Netlist Resource(s)
  -------------------------------------------------------------------    -------------------
    SLICE_X105Y44        FDRE                         0.000     0.000 r  hcount_reg[1]/C
    SLICE_X105Y44        FDRE (Prop_fdre_C_Q)         0.456     0.456 r  hcount_reg[1]/Q
                         net (fo=11, routed)          1.001     1.457    hcount[1]
    SLICE_X103Y46        LUT2 (Prop_lut2_I0_O)        0.124     1.581 r  red_OBUF[3]_inst_i_91/O
                         net (fo=1, routed)           0.514     2.095    red_OBUF[3]_inst_i_91_n_0
    SLICE_X103Y47        CARRY4 (Prop_carry4_CYINIT_CO[3])
                                                      0.580     2.675 r  red_OBUF[3]_inst_i_60/CO[3]
                         net (fo=1, routed)           0.000     2.675    red_OBUF[3]_inst_i_60_n_0
    SLICE_X103Y48        CARRY4 (Prop_carry4_CI_CO[3])
                                                      0.114     2.789 r  red_OBUF[3]_inst_i_32/CO[3]
                         net (fo=1, routed)           0.000     2.789    red_OBUF[3]_inst_i_32_n_0
    SLICE_X103Y49        CARRY4 (Prop_carry4_CI_CO[3])
                                                      0.114     2.903 r  red_OBUF[3]_inst_i_6/CO[3]
                         net (fo=1, routed)           0.001     2.904    red_OBUF[3]_inst_i_6_n_0
    SLICE_X103Y50        CARRY4 (Prop_carry4_CI_CO[2])
                                                      0.228     3.132 r  red_OBUF[3]_inst_i_2/CO[2]
                         net (fo=1, routed)           0.929     4.061    red27_in
    SLICE_X109Y46        LUT4 (Prop_lut4_I0_O)        0.313     4.374 r  red_OBUF[3]_inst_i_1/O
                         net (fo=9, routed)           2.579     6.953    blue_OBUF[0]
    AB19                 OBUF (Prop_obuf_I_O)         3.537    10.489 r  blue_OBUF[3]_inst/O
                         net (fo=0)                   0.000    10.489    blue[3]
    AB19                                                              r  blue[3] (OUT)
  -------------------------------------------------------------------    -------------------

Slack:                    inf
  Source:                 hcount_reg[1]/C
                            (rising edge-triggered cell FDRE)
  Destination:            blue[0]
                            (output port)
  Path Group:             (none)
  Path Type:              Max at Slow Process Corner
  Data Path Delay:        10.335ns  (logic 5.461ns (52.842%)  route 4.874ns (47.158%))
  Logic Levels:           8  (CARRY4=4 FDRE=1 LUT2=1 LUT4=1 OBUF=1)

    Location             Delay type                Incr(ns)  Path(ns)    Netlist Resource(s)
  -------------------------------------------------------------------    -------------------
    SLICE_X105Y44        FDRE                         0.000     0.000 r  hcount_reg[1]/C
    SLICE_X105Y44        FDRE (Prop_fdre_C_Q)         0.456     0.456 r  hcount_reg[1]/Q
                         net (fo=11, routed)          1.001     1.457    hcount[1]
    SLICE_X103Y46        LUT2 (Prop_lut2_I0_O)        0.124     1.581 r  red_OBUF[3]_inst_i_91/O
                         net (fo=1, routed)           0.514     2.095    red_OBUF[3]_inst_i_91_n_0
    SLICE_X103Y47        CARRY4 (Prop_carry4_CYINIT_CO[3])
                                                      0.580     2.675 r  red_OBUF[3]_inst_i_60/CO[3]
                         net (fo=1, routed)           0.000     2.675    red_OBUF[3]_inst_i_60_n_0
    SLICE_X103Y48        CARRY4 (Prop_carry4_CI_CO[3])
                                                      0.114     2.789 r  red_OBUF[3]_inst_i_32/CO[3]
                         net (fo=1, routed)           0.000     2.789    red_OBUF[3]_inst_i_32_n_0
    SLICE_X103Y49        CARRY4 (Prop_carry4_CI_CO[3])
                                                      0.114     2.903 r  red_OBUF[3]_inst_i_6/CO[3]
                         net (fo=1, routed)           0.001     2.904    red_OBUF[3]_inst_i_6_n_0
    SLICE_X103Y50        CARRY4 (Prop_carry4_CI_CO[2])
                                                      0.228     3.132 r  red_OBUF[3]_inst_i_2/CO[2]
                         net (fo=1, routed)           0.929     4.061    red27_in
    SLICE_X109Y46        LUT4 (Prop_lut4_I0_O)        0.313     4.374 r  red_OBUF[3]_inst_i_1/O
                         net (fo=9, routed)           2.429     6.803    blue_OBUF[0]
    Y21                  OBUF (Prop_obuf_I_O)         3.532    10.335 r  blue_OBUF[0]_inst/O
                         net (fo=0)                   0.000    10.335    blue[0]
    Y21                                                               r  blue[0] (OUT)
  -------------------------------------------------------------------    -------------------

Slack:                    inf
  Source:                 hcount_reg[1]/C
                            (rising edge-triggered cell FDRE)
  Destination:            red[2]
                            (output port)
  Path Group:             (none)
  Path Type:              Max at Slow Process Corner
  Data Path Delay:        10.247ns  (logic 5.440ns (53.083%)  route 4.808ns (46.917%))
  Logic Levels:           8  (CARRY4=4 FDRE=1 LUT2=1 LUT4=1 OBUF=1)

    Location             Delay type                Incr(ns)  Path(ns)    Netlist Resource(s)
  -------------------------------------------------------------------    -------------------
    SLICE_X105Y44        FDRE                         0.000     0.000 r  hcount_reg[1]/C
    SLICE_X105Y44        FDRE (Prop_fdre_C_Q)         0.456     0.456 r  hcount_reg[1]/Q
                         net (fo=11, routed)          1.001     1.457    hcount[1]
    SLICE_X103Y46        LUT2 (Prop_lut2_I0_O)        0.124     1.581 r  red_OBUF[3]_inst_i_91/O
                         net (fo=1, routed)           0.514     2.095    red_OBUF[3]_inst_i_91_n_0
    SLICE_X103Y47        CARRY4 (Prop_carry4_CYINIT_CO[3])
                                                      0.580     2.675 r  red_OBUF[3]_inst_i_60/CO[3]
                         net (fo=1, routed)           0.000     2.675    red_OBUF[3]_inst_i_60_n_0
    SLICE_X103Y48        CARRY4 (Prop_carry4_CI_CO[3])
                                                      0.114     2.789 r  red_OBUF[3]_inst_i_32/CO[3]
                         net (fo=1, routed)           0.000     2.789    red_OBUF[3]_inst_i_32_n_0
    SLICE_X103Y49        CARRY4 (Prop_carry4_CI_CO[3])
                                                      0.114     2.903 r  red_OBUF[3]_inst_i_6/CO[3]
                         net (fo=1, routed)           0.001     2.904    red_OBUF[3]_inst_i_6_n_0
    SLICE_X103Y50        CARRY4 (Prop_carry4_CI_CO[2])
                                                      0.228     3.132 r  red_OBUF[3]_inst_i_2/CO[2]
                         net (fo=1, routed)           0.929     4.061    red27_in
    SLICE_X109Y46        LUT4 (Prop_lut4_I0_O)        0.313     4.374 r  red_OBUF[3]_inst_i_1/O
                         net (fo=9, routed)           2.363     6.737    blue_OBUF[0]
    V19                  OBUF (Prop_obuf_I_O)         3.511    10.247 r  red_OBUF[2]_inst/O
                         net (fo=0)                   0.000    10.247    red[2]
    V19                                                               r  red[2] (OUT)
  -------------------------------------------------------------------    -------------------

Slack:                    inf
  Source:                 hcount_reg[1]/C
                            (rising edge-triggered cell FDRE)
  Destination:            blue[1]
                            (output port)
  Path Group:             (none)
  Path Type:              Max at Slow Process Corner
  Data Path Delay:        10.184ns  (logic 5.460ns (53.614%)  route 4.724ns (46.386%))
  Logic Levels:           8  (CARRY4=4 FDRE=1 LUT2=1 LUT4=1 OBUF=1)

    Location             Delay type                Incr(ns)  Path(ns)    Netlist Resource(s)
  -------------------------------------------------------------------    -------------------
    SLICE_X105Y44        FDRE                         0.000     0.000 r  hcount_reg[1]/C
    SLICE_X105Y44        FDRE (Prop_fdre_C_Q)         0.456     0.456 r  hcount_reg[1]/Q
                         net (fo=11, routed)          1.001     1.457    hcount[1]
    SLICE_X103Y46        LUT2 (Prop_lut2_I0_O)        0.124     1.581 r  red_OBUF[3]_inst_i_91/O
                         net (fo=1, routed)           0.514     2.095    red_OBUF[3]_inst_i_91_n_0
    SLICE_X103Y47        CARRY4 (Prop_carry4_CYINIT_CO[3])
                                                      0.580     2.675 r  red_OBUF[3]_inst_i_60/CO[3]
                         net (fo=1, routed)           0.000     2.675    red_OBUF[3]_inst_i_60_n_0
    SLICE_X103Y48        CARRY4 (Prop_carry4_CI_CO[3])
                                                      0.114     2.789 r  red_OBUF[3]_inst_i_32/CO[3]
                         net (fo=1, routed)           0.000     2.789    red_OBUF[3]_inst_i_32_n_0
    SLICE_X103Y49        CARRY4 (Prop_carry4_CI_CO[3])
                                                      0.114     2.903 r  red_OBUF[3]_inst_i_6/CO[3]
                         net (fo=1, routed)           0.001     2.904    red_OBUF[3]_inst_i_6_n_0
    SLICE_X103Y50        CARRY4 (Prop_carry4_CI_CO[2])
                                                      0.228     3.132 r  red_OBUF[3]_inst_i_2/CO[2]
                         net (fo=1, routed)           0.929     4.061    red27_in
    SLICE_X109Y46        LUT4 (Prop_lut4_I0_O)        0.313     4.374 r  red_OBUF[3]_inst_i_1/O
                         net (fo=9, routed)           2.279     6.653    blue_OBUF[0]
    Y20                  OBUF (Prop_obuf_I_O)         3.531    10.184 r  blue_OBUF[1]_inst/O
                         net (fo=0)                   0.000    10.184    blue[1]
    Y20                                                               r  blue[1] (OUT)
  -------------------------------------------------------------------    -------------------

Slack:                    inf
  Source:                 hcount_reg[1]/C
                            (rising edge-triggered cell FDRE)
  Destination:            red[3]
                            (output port)
  Path Group:             (none)
  Path Type:              Max at Slow Process Corner
  Data Path Delay:        10.126ns  (logic 5.458ns (53.901%)  route 4.668ns (46.099%))
  Logic Levels:           8  (CARRY4=4 FDRE=1 LUT2=1 LUT4=1 OBUF=1)

    Location             Delay type                Incr(ns)  Path(ns)    Netlist Resource(s)
  -------------------------------------------------------------------    -------------------
    SLICE_X105Y44        FDRE                         0.000     0.000 r  hcount_reg[1]/C
    SLICE_X105Y44        FDRE (Prop_fdre_C_Q)         0.456     0.456 r  hcount_reg[1]/Q
                         net (fo=11, routed)          1.001     1.457    hcount[1]
    SLICE_X103Y46        LUT2 (Prop_lut2_I0_O)        0.124     1.581 r  red_OBUF[3]_inst_i_91/O
                         net (fo=1, routed)           0.514     2.095    red_OBUF[3]_inst_i_91_n_0
    SLICE_X103Y47        CARRY4 (Prop_carry4_CYINIT_CO[3])
                                                      0.580     2.675 r  red_OBUF[3]_inst_i_60/CO[3]
                         net (fo=1, routed)           0.000     2.675    red_OBUF[3]_inst_i_60_n_0
    SLICE_X103Y48        CARRY4 (Prop_carry4_CI_CO[3])
                                                      0.114     2.789 r  red_OBUF[3]_inst_i_32/CO[3]
                         net (fo=1, routed)           0.000     2.789    red_OBUF[3]_inst_i_32_n_0
    SLICE_X103Y49        CARRY4 (Prop_carry4_CI_CO[3])
                                                      0.114     2.903 r  red_OBUF[3]_inst_i_6/CO[3]
                         net (fo=1, routed)           0.001     2.904    red_OBUF[3]_inst_i_6_n_0
    SLICE_X103Y50        CARRY4 (Prop_carry4_CI_CO[2])
                                                      0.228     3.132 r  red_OBUF[3]_inst_i_2/CO[2]
                         net (fo=1, routed)           0.929     4.061    red27_in
    SLICE_X109Y46        LUT4 (Prop_lut4_I0_O)        0.313     4.374 r  red_OBUF[3]_inst_i_1/O
                         net (fo=9, routed)           2.223     6.597    blue_OBUF[0]
    V18                  OBUF (Prop_obuf_I_O)         3.529    10.126 r  red_OBUF[3]_inst/O
                         net (fo=0)                   0.000    10.126    red[3]
    V18                                                               r  red[3] (OUT)
  -------------------------------------------------------------------    -------------------





Min Delay Paths
--------------------------------------------------------------------------------------
Slack:                    inf
  Source:                 comp_clk50MHz/pulse_reg/C
                            (rising edge-triggered cell FDRE)
  Destination:            comp_clk50MHz/pulse_reg/D
  Path Group:             (none)
  Path Type:              Min at Fast Process Corner
  Data Path Delay:        0.354ns  (logic 0.186ns (52.507%)  route 0.168ns (47.493%))
  Logic Levels:           2  (FDRE=1 LUT4=1)

    Location             Delay type                Incr(ns)  Path(ns)    Netlist Resource(s)
  -------------------------------------------------------------------    -------------------
    SLICE_X51Y46         FDRE                         0.000     0.000 r  comp_clk50MHz/pulse_reg/C
    SLICE_X51Y46         FDRE (Prop_fdre_C_Q)         0.141     0.141 r  comp_clk50MHz/pulse_reg/Q
                         net (fo=2, routed)           0.168     0.309    comp_clk50MHz/clk50MHz
    SLICE_X51Y46         LUT4 (Prop_lut4_I3_O)        0.045     0.354 r  comp_clk50MHz/pulse_i_1/O
                         net (fo=1, routed)           0.000     0.354    comp_clk50MHz/pulse_i_1_n_0
    SLICE_X51Y46         FDRE                                         r  comp_clk50MHz/pulse_reg/D
  -------------------------------------------------------------------    -------------------

Slack:                    inf
  Source:                 hcount_reg[0]/C
                            (rising edge-triggered cell FDRE)
  Destination:            hcount_reg[0]/D
  Path Group:             (none)
  Path Type:              Min at Fast Process Corner
  Data Path Delay:        0.364ns  (logic 0.183ns (50.344%)  route 0.181ns (49.656%))
  Logic Levels:           2  (FDRE=1 LUT1=1)

    Location             Delay type                Incr(ns)  Path(ns)    Netlist Resource(s)
  -------------------------------------------------------------------    -------------------
    SLICE_X103Y45        FDRE                         0.000     0.000 r  hcount_reg[0]/C
    SLICE_X103Y45        FDRE (Prop_fdre_C_Q)         0.141     0.141 f  hcount_reg[0]/Q
                         net (fo=12, routed)          0.181     0.322    hcount[0]
    SLICE_X103Y45        LUT1 (Prop_lut1_I0_O)        0.042     0.364 r  hcount[0]_i_1/O
                         net (fo=1, routed)           0.000     0.364    hcount[0]_i_1_n_0
    SLICE_X103Y45        FDRE                                         r  hcount_reg[0]/D
  -------------------------------------------------------------------    -------------------

Slack:                    inf
  Source:                 comp_clk50MHz/count_reg[0]/C
                            (rising edge-triggered cell FDRE)
  Destination:            comp_clk50MHz/count_reg[0]/D
  Path Group:             (none)
  Path Type:              Min at Fast Process Corner
  Data Path Delay:        0.365ns  (logic 0.186ns (50.902%)  route 0.179ns (49.098%))
  Logic Levels:           2  (FDRE=1 LUT1=1)

    Location             Delay type                Incr(ns)  Path(ns)    Netlist Resource(s)
  -------------------------------------------------------------------    -------------------
    SLICE_X51Y44         FDRE                         0.000     0.000 r  comp_clk50MHz/count_reg[0]/C
    SLICE_X51Y44         FDRE (Prop_fdre_C_Q)         0.141     0.141 f  comp_clk50MHz/count_reg[0]/Q
                         net (fo=4, routed)           0.179     0.320    comp_clk50MHz/count[0]
    SLICE_X51Y44         LUT1 (Prop_lut1_I0_O)        0.045     0.365 r  comp_clk50MHz/count[0]_i_1/O
                         net (fo=1, routed)           0.000     0.365    comp_clk50MHz/p_1_in[0]
    SLICE_X51Y44         FDRE                                         r  comp_clk50MHz/count_reg[0]/D
  -------------------------------------------------------------------    -------------------

Slack:                    inf
  Source:                 hcount_reg[12]/C
                            (rising edge-triggered cell FDRE)
  Destination:            hcount_reg[12]/D
  Path Group:             (none)
  Path Type:              Min at Fast Process Corner
  Data Path Delay:        0.369ns  (logic 0.249ns (67.424%)  route 0.120ns (32.576%))
  Logic Levels:           2  (CARRY4=1 FDRE=1)

    Location             Delay type                Incr(ns)  Path(ns)    Netlist Resource(s)
  -------------------------------------------------------------------    -------------------
    SLICE_X105Y46        FDRE                         0.000     0.000 r  hcount_reg[12]/C
    SLICE_X105Y46        FDRE (Prop_fdre_C_Q)         0.141     0.141 r  hcount_reg[12]/Q
                         net (fo=10, routed)          0.120     0.261    hcount[12]
    SLICE_X105Y46        CARRY4 (Prop_carry4_S[3]_O[3])
                                                      0.108     0.369 r  hcount_reg[12]_i_1/O[3]
                         net (fo=1, routed)           0.000     0.369    hcount_reg[12]_i_1_n_4
    SLICE_X105Y46        FDRE                                         r  hcount_reg[12]/D
  -------------------------------------------------------------------    -------------------

Slack:                    inf
  Source:                 hcount_reg[9]/C
                            (rising edge-triggered cell FDRE)
  Destination:            hcount_reg[9]/D
  Path Group:             (none)
  Path Type:              Min at Fast Process Corner
  Data Path Delay:        0.373ns  (logic 0.256ns (68.576%)  route 0.117ns (31.424%))
  Logic Levels:           2  (CARRY4=1 FDRE=1)

    Location             Delay type                Incr(ns)  Path(ns)    Netlist Resource(s)
  -------------------------------------------------------------------    -------------------
    SLICE_X105Y46        FDRE                         0.000     0.000 r  hcount_reg[9]/C
    SLICE_X105Y46        FDRE (Prop_fdre_C_Q)         0.141     0.141 r  hcount_reg[9]/Q
                         net (fo=11, routed)          0.117     0.258    hcount[9]
    SLICE_X105Y46        CARRY4 (Prop_carry4_S[0]_O[0])
                                                      0.115     0.373 r  hcount_reg[12]_i_1/O[0]
                         net (fo=1, routed)           0.000     0.373    hcount_reg[12]_i_1_n_7
    SLICE_X105Y46        FDRE                                         r  hcount_reg[9]/D
  -------------------------------------------------------------------    -------------------

Slack:                    inf
  Source:                 hcount_reg[7]/C
                            (rising edge-triggered cell FDRE)
  Destination:            hcount_reg[7]/D
  Path Group:             (none)
  Path Type:              Min at Fast Process Corner
  Data Path Delay:        0.374ns  (logic 0.252ns (67.467%)  route 0.122ns (32.533%))
  Logic Levels:           2  (CARRY4=1 FDRE=1)

    Location             Delay type                Incr(ns)  Path(ns)    Netlist Resource(s)
  -------------------------------------------------------------------    -------------------
    SLICE_X105Y45        FDRE                         0.000     0.000 r  hcount_reg[7]/C
    SLICE_X105Y45        FDRE (Prop_fdre_C_Q)         0.141     0.141 r  hcount_reg[7]/Q
                         net (fo=10, routed)          0.122     0.263    hcount[7]
    SLICE_X105Y45        CARRY4 (Prop_carry4_S[2]_O[2])
                                                      0.111     0.374 r  hcount_reg[8]_i_1/O[2]
                         net (fo=1, routed)           0.000     0.374    hcount_reg[8]_i_1_n_5
    SLICE_X105Y45        FDRE                                         r  hcount_reg[7]/D
  -------------------------------------------------------------------    -------------------

Slack:                    inf
  Source:                 hcount_reg[16]/C
                            (rising edge-triggered cell FDRE)
  Destination:            hcount_reg[16]/D
  Path Group:             (none)
  Path Type:              Min at Fast Process Corner
  Data Path Delay:        0.379ns  (logic 0.249ns (65.667%)  route 0.130ns (34.333%))
  Logic Levels:           2  (CARRY4=1 FDRE=1)

    Location             Delay type                Incr(ns)  Path(ns)    Netlist Resource(s)
  -------------------------------------------------------------------    -------------------
    SLICE_X105Y47        FDRE                         0.000     0.000 r  hcount_reg[16]/C
    SLICE_X105Y47        FDRE (Prop_fdre_C_Q)         0.141     0.141 r  hcount_reg[16]/Q
                         net (fo=10, routed)          0.130     0.271    hcount[16]
    SLICE_X105Y47        CARRY4 (Prop_carry4_S[3]_O[3])
                                                      0.108     0.379 r  hcount_reg[16]_i_1/O[3]
                         net (fo=1, routed)           0.000     0.379    hcount_reg[16]_i_1_n_4
    SLICE_X105Y47        FDRE                                         r  hcount_reg[16]/D
  -------------------------------------------------------------------    -------------------

Slack:                    inf
  Source:                 hcount_reg[4]/C
                            (rising edge-triggered cell FDRE)
  Destination:            hcount_reg[4]/D
  Path Group:             (none)
  Path Type:              Min at Fast Process Corner
  Data Path Delay:        0.382ns  (logic 0.249ns (65.268%)  route 0.133ns (34.732%))
  Logic Levels:           2  (CARRY4=1 FDRE=1)

    Location             Delay type                Incr(ns)  Path(ns)    Netlist Resource(s)
  -------------------------------------------------------------------    -------------------
    SLICE_X105Y44        FDRE                         0.000     0.000 r  hcount_reg[4]/C
    SLICE_X105Y44        FDRE (Prop_fdre_C_Q)         0.141     0.141 r  hcount_reg[4]/Q
                         net (fo=11, routed)          0.133     0.274    hcount[4]
    SLICE_X105Y44        CARRY4 (Prop_carry4_S[3]_O[3])
                                                      0.108     0.382 r  hcount_reg[4]_i_1/O[3]
                         net (fo=1, routed)           0.000     0.382    hcount_reg[4]_i_1_n_4
    SLICE_X105Y44        FDRE                                         r  hcount_reg[4]/D
  -------------------------------------------------------------------    -------------------

Slack:                    inf
  Source:                 hcount_reg[8]/C
                            (rising edge-triggered cell FDRE)
  Destination:            hcount_reg[8]/D
  Path Group:             (none)
  Path Type:              Min at Fast Process Corner
  Data Path Delay:        0.382ns  (logic 0.249ns (65.268%)  route 0.133ns (34.732%))
  Logic Levels:           2  (CARRY4=1 FDRE=1)

    Location             Delay type                Incr(ns)  Path(ns)    Netlist Resource(s)
  -------------------------------------------------------------------    -------------------
    SLICE_X105Y45        FDRE                         0.000     0.000 r  hcount_reg[8]/C
    SLICE_X105Y45        FDRE (Prop_fdre_C_Q)         0.141     0.141 r  hcount_reg[8]/Q
                         net (fo=10, routed)          0.133     0.274    hcount[8]
    SLICE_X105Y45        CARRY4 (Prop_carry4_S[3]_O[3])
                                                      0.108     0.382 r  hcount_reg[8]_i_1/O[3]
                         net (fo=1, routed)           0.000     0.382    hcount_reg[8]_i_1_n_4
    SLICE_X105Y45        FDRE                                         r  hcount_reg[8]/D
  -------------------------------------------------------------------    -------------------

Slack:                    inf
  Source:                 hcount_reg[17]/C
                            (rising edge-triggered cell FDRE)
  Destination:            hcount_reg[17]/D
  Path Group:             (none)
  Path Type:              Min at Fast Process Corner
  Data Path Delay:        0.382ns  (logic 0.256ns (66.989%)  route 0.126ns (33.011%))
  Logic Levels:           2  (CARRY4=1 FDRE=1)

    Location             Delay type                Incr(ns)  Path(ns)    Netlist Resource(s)
  -------------------------------------------------------------------    -------------------
    SLICE_X105Y48        FDRE                         0.000     0.000 r  hcount_reg[17]/C
    SLICE_X105Y48        FDRE (Prop_fdre_C_Q)         0.141     0.141 r  hcount_reg[17]/Q
                         net (fo=10, routed)          0.126     0.267    hcount[17]
    SLICE_X105Y48        CARRY4 (Prop_carry4_S[0]_O[0])
                                                      0.115     0.382 r  hcount_reg[20]_i_1/O[0]
                         net (fo=1, routed)           0.000     0.382    hcount_reg[20]_i_1_n_7
    SLICE_X105Y48        FDRE                                         r  hcount_reg[17]/D
  -------------------------------------------------------------------    -------------------





