Copyright 1986-2022 Xilinx, Inc. All Rights Reserved. Copyright 2022-2023 Advanced Micro Devices, Inc. All Rights Reserved.
---------------------------------------------------------------------------------------------------------------------------------------------
| Tool Version : Vivado v.2023.2 (win64) Build 4029153 Fri Oct 13 20:14:34 MDT 2023
| Date         : Thu May  7 18:28:01 2026
| Host         : 102-001 running 64-bit major release  (build 9200)
| Command      : report_control_sets -verbose -file proj_control_sets_placed.rpt
| Design       : proj
| Device       : xc7z020
---------------------------------------------------------------------------------------------------------------------------------------------

Control Set Information

Table of Contents
-----------------
1. Summary
2. Histogram
3. Flip-Flop Distribution
4. Detailed Control Set Information

1. Summary
----------

+----------------------------------------------------------+-------+
|                          Status                          | Count |
+----------------------------------------------------------+-------+
| Total control sets                                       |     7 |
|    Minimum number of control sets                        |     7 |
|    Addition due to synthesis replication                 |     0 |
|    Addition due to physical synthesis replication        |     0 |
| Unused register locations in slices containing registers |     6 |
+----------------------------------------------------------+-------+
* Control sets can be merged at opt_design using control_set_merge or merge_equivalent_drivers
** Run report_qor_suggestions for automated merging and remapping suggestions


2. Histogram
------------

+--------------------+-------+
|       Fanout       | Count |
+--------------------+-------+
| Total control sets |     7 |
| >= 0 to < 4        |     1 |
| >= 4 to < 6        |     0 |
| >= 6 to < 8        |     0 |
| >= 8 to < 10       |     0 |
| >= 10 to < 12      |     0 |
| >= 12 to < 14      |     0 |
| >= 14 to < 16      |     0 |
| >= 16              |     6 |
+--------------------+-------+
* Control sets can be remapped at either synth_design or opt_design


3. Flip-Flop Distribution
-------------------------

+--------------+-----------------------+------------------------+-----------------+--------------+
| Clock Enable | Synchronous Set/Reset | Asynchronous Set/Reset | Total Registers | Total Slices |
+--------------+-----------------------+------------------------+-----------------+--------------+
| No           | No                    | No                     |               2 |            2 |
| No           | No                    | Yes                    |               0 |            0 |
| No           | Yes                   | No                     |              96 |           27 |
| Yes          | No                    | No                     |              64 |           16 |
| Yes          | No                    | Yes                    |               0 |            0 |
| Yes          | Yes                   | No                     |              32 |            9 |
+--------------+-----------------------+------------------------+-----------------+--------------+


4. Detailed Control Set Information
-----------------------------------

+----------------------------+-----------------------+-----------------------------------+------------------+----------------+--------------+
|        Clock Signal        |     Enable Signal     |          Set/Reset Signal         | Slice Load Count | Bel Load Count | Bels / Slice |
+----------------------------+-----------------------+-----------------------------------+------------------+----------------+--------------+
|  clk_IBUF_BUFG             |                       |                                   |                2 |              2 |         1.00 |
|  V_TOP_LEFT_reg[0]_i_3_n_0 | sel                   |                                   |                8 |             32 |         4.00 |
|  V_TOP_LEFT_reg[0]_i_3_n_0 | V_TOP_LEFT[0]_i_1_n_0 |                                   |                8 |             32 |         4.00 |
|  clk50MHz_BUFG             |                       | hcount[31]_i_1_n_0                |                9 |             32 |         3.56 |
|  clk50MHz_BUFG             | hcount[31]_i_1_n_0    | vcount[31]_i_1_n_0                |                9 |             32 |         3.56 |
|  clk_IBUF_BUFG             |                       | comp_clk50MHz/pulse               |                9 |             32 |         3.56 |
|  clk_IBUF_BUFG             |                       | comp_clk10Hz/count[31]_i_1__0_n_0 |                9 |             32 |         3.56 |
+----------------------------+-----------------------+-----------------------------------+------------------+----------------+--------------+


